// Jest Snapshot v1, https://goo.gl/fbAQLP

exports[`Examples Example 2 1`] = `
[
  [
    "Data is not valid: "balance" must be a number",
  ],
  [
    [
      ""balance" must be a number",
    ],
  ],
  [
    "Data is not valid: "title" required property is not defined",
  ],
  [
    [
      ""title" required property is not defined",
    ],
  ],
  [
    "Data is not valid: see "error.cause" for details",
  ],
  [
    [
      ""account" invalid model type",
      ""category" invalid model type",
      ""date" required property is not defined",
    ],
  ],
  [
    "[
  {
    "title": "Checking Account",
    "balance": 123.56
  },
  {
    "title": "Credit Card",
    "balance": -876.32,
    "limit": 1000
  }
]",
  ],
  [
    "{
  "title": "Food"
}",
  ],
  [
    2010-10-09T00:00:00.000Z,
    "Dining",
    "Checking Account",
  ],
  [
    123.56,
  ],
]
`;
